2026/09/27 16:58:50 - mmengine - INFO - 
------------------------------------------------------------
System environment:
    sys.platform: linux
    Python: 3.10.13 (main, Sep 11 2023, 13:44:35) [GCC 11.2.0]
    CUDA available: True
    MUSA available: False
    numpy_random_seed: 42
    GPU 0: NVIDIA L4
    CUDA_HOME: /usr/local/cuda
    NVCC: Cuda compilation tools, release 12.1, V12.1.105
    GCC: gcc (Ubuntu 9.4.0-1ubuntu1~20.04.2) 9.4.0
    PyTorch: 2.1.2
    PyTorch compiling details: PyTorch built with:
  - GCC 9.3
  - C++ Version: 201703
  - Intel(R) oneAPI Math Kernel Library Version 2023.1-Product Build 20230303 for Intel(R) 64 architecture applications
  - Intel(R) MKL-DNN v3.1.1 (Git Hash 64f6bcbcbab628e96f33a62c3e975f8535a7bde4)
  - OpenMP 201511 (a.k.a. OpenMP 4.5)
  - LAPACK is enabled (usually provided by MKL)
  - NNPACK is enabled
  - CPU capability usage: AVX512
  - CUDA Runtime 12.1
  - NVCC architecture flags: -gencode;arch=compute_50,code=sm_50;-gencode;arch=compute_60,code=sm_60;-gencode;arch=compute_61,code=sm_61;-gencode;arch=compute_70,code=sm_70;-gencode;arch=compute_75,code=sm_75;-gencode;arch=compute_80,code=sm_80;-gencode;arch=compute_86,code=sm_86;-gencode;arch=compute_90,code=sm_90
  - CuDNN 8.9.2
  - Magma 2.6.1
  - Build settings: BLAS_INFO=mkl, BUILD_TYPE=Release, CUDA_VERSION=12.1, CUDNN_VERSION=8.9.2, CXX_COMPILER=/opt/rh/devtoolset-9/root/usr/bin/c++, CXX_FLAGS= -D_GLIBCXX_USE_CXX11_ABI=0 -fabi-version=11 -fvisibility-inlines-hidden -DUSE_PTHREADPOOL -DNDEBUG -DUSE_KINETO -DLIBKINETO_NOROCTRACER -DUSE_FBGEMM -DUSE_QNNPACK -DUSE_PYTORCH_QNNPACK -DUSE_XNNPACK -DSYMBOLICATE_MOBILE_DEBUG_HANDLE -O2 -fPIC -Wall -Wextra -Werror=return-type -Werror=non-virtual-dtor -Werror=bool-operation -Wnarrowing -Wno-missing-field-initializers -Wno-type-limits -Wno-array-bounds -Wno-unknown-pragmas -Wno-unused-parameter -Wno-unused-function -Wno-unused-result -Wno-strict-overflow -Wno-strict-aliasing -Wno-stringop-overflow -Wno-psabi -Wno-error=pedantic -Wno-error=old-style-cast -Wno-invalid-partial-specialization -Wno-unused-private-field -Wno-aligned-allocation-unavailable -Wno-missing-braces -fdiagnostics-color=always -faligned-new -Wno-unused-but-set-variable -Wno-maybe-uninitialized -fno-math-errno -fno-trapping-math -Werror=format -Werror=cast-function-type -Wno-stringop-overflow, LAPACK_INFO=mkl, PERF_WITH_AVX=1, PERF_WITH_AVX2=1, PERF_WITH_AVX512=1, TORCH_DISABLE_GPU_ASSERTS=ON, TORCH_VERSION=2.1.2, USE_CUDA=ON, USE_CUDNN=ON, USE_EXCEPTION_PTR=1, USE_GFLAGS=OFF, USE_GLOG=OFF, USE_MKL=ON, USE_MKLDNN=ON, USE_MPI=OFF, USE_NCCL=ON, USE_NNPACK=ON, USE_OPENMP=ON, USE_ROCM=OFF, 

    TorchVision: 0.16.2
    OpenCV: 4.9.0
    MMEngine: 0.10.7

Runtime environment:
    cudnn_benchmark: False
    mp_cfg: {'mp_start_method': 'fork', 'opencv_num_threads': 0}
    dist_cfg: {'backend': 'nccl'}
    seed: 42
    deterministic: True
    Distributed launcher: none
    Distributed training: False
    GPU number: 1
------------------------------------------------------------

2026/09/27 16:58:50 - mmengine - INFO - Config:
auto_scale_lr = dict(base_batch_size=8, enable=False)
checkpoint = 'https://download.openmmlab.com/mmsegmentation/v0.5/pretrain/segformer/mit_b2_20220624-66e8bf70.pth'
crop_size = (
    1024,
    1024,
)
custom_hooks = [
    dict(
        min_delta=0.1,
        monitor='binary/Foreground_IoU',
        patience=5,
        rule='greater',
        strict=True,
        type='RPGVEarlyStoppingHook'),
]
custom_imports = dict(
    allow_failed_imports=False,
    imports=[
        'wwtpseg',
        'mmdet.models',
        'wwtpseg.engine',
    ])
data_preprocessor = dict(
    bgr_to_rgb=False,
    pad_val=0,
    seg_pad_val=255,
    size=(
        1024,
        1024,
    ),
    test_cfg=dict(size_divisor=32),
    type='SegDataPreProcessor')
data_root = '/workspace/wwtp_semantic_dataset'
dataset_type = 'WWTPDataset'
default_hooks = dict(
    checkpoint=dict(
        by_epoch=False,
        interval=2000,
        max_keep_ckpts=3,
        rule='greater',
        save_best='binary/Foreground_IoU',
        type='CheckpointHook'),
    logger=dict(interval=50, log_metric_by_epoch=False, type='LoggerHook'),
    param_scheduler=dict(type='ParamSchedulerHook'),
    sampler_seed=dict(type='DistSamplerSeedHook'),
    timer=dict(type='IterTimerHook'),
    visualization=dict(type='SegVisualizationHook'))
default_scope = 'mmseg'
enable_early_stopping = True
env_cfg = dict(
    cudnn_benchmark=False,
    dist_cfg=dict(backend='nccl'),
    mp_cfg=dict(mp_start_method='fork', opencv_num_threads=0))
launcher = 'none'
load_from = '/workspace/work_dirs/rpgv_v2_joint_fixed/best_binary_Foreground_IoU_iter_64000.pth'
log_level = 'INFO'
log_processor = dict(by_epoch=False)
metrics = [
    dict(
        iou_metrics=[
            'mIoU',
            'mDice',
            'mFscore',
        ],
        nan_to_num=0,
        type='IoUMetric'),
    dict(boundary_tolerance=3, pixel_size_m=0.5, type='BinaryBoundaryMetric'),
]
model = dict(
    coarse_loss_weight=0.3,
    component_cfg=dict(
        boundary_fusion=True,
        boundary_refinement=True,
        depth_rectification=True,
        detail_refinement=True,
        frequency_validation=True,
        learned_reliability=True,
        region_fusion=True,
        reliability_weighting=True),
    contour_truncation=10.0,
    correction_scale=0.1,
    correction_smoothness_weight=0.02,
    data_preprocessor=dict(
        bgr_to_rgb=False,
        pad_val=0,
        seg_pad_val=255,
        size=(
            1024,
            1024,
        ),
        test_cfg=dict(size_divisor=32),
        type='SegDataPreProcessor'),
    decoder_channels=64,
    detail_channels=24,
    final_boundary_loss_weight=0.1,
    geometry_channels=[
        32,
        64,
        128,
        256,
    ],
    geometry_dropout_prob=0.15,
    global_thumbnail_size=512,
    learnable_loss_weights=False,
    loss_weights=dict(
        boundary=0.2,
        equivariance=0.05,
        final=1.0,
        geometry=0.2,
        preserve=0.05,
        reliability=0.05,
        rgb=0.2,
        sdf=0.1),
    max_correction_scale=0.25,
    max_logit_correction=2.0,
    max_offset=2.0,
    region_loss_weight=0.1,
    rgb_channels=[
        64,
        128,
        320,
        512,
    ],
    rgb_encoder=dict(
        attn_drop_rate=0.0,
        drop_path_rate=0.1,
        drop_rate=0.0,
        embed_dims=64,
        in_channels=3,
        init_cfg=None,
        mlp_ratio=4,
        num_heads=[
            1,
            2,
            5,
            8,
        ],
        num_layers=[
            3,
            4,
            6,
            3,
        ],
        num_stages=4,
        out_indices=(
            0,
            1,
            2,
            3,
        ),
        patch_sizes=[
            7,
            3,
            3,
            3,
        ],
        qkv_bias=True,
        sr_ratios=[
            8,
            4,
            2,
            1,
        ],
        type='MixVisionTransformer'),
    sdf_truncation=5.0,
    test_cfg=dict(crop_size=(
        1024,
        1024,
    ), mode='slide', stride=(
        768,
        768,
    )),
    train_cfg=dict(),
    training_stage='joint',
    type='RPGVNetV2',
    use_contour=True,
    use_global_context=True,
    validation_channels=32)
norm_cfg = dict(requires_grad=True, type='SyncBN')
optim_wrapper = dict(
    accumulative_counts=8,
    clip_grad=dict(max_norm=10.0, norm_type=2),
    loss_scale='dynamic',
    optimizer=dict(
        betas=(
            0.9,
            0.999,
        ), lr=0.0006, type='AdamW', weight_decay=0.01),
    paramwise_cfg=dict(
        custom_keys=dict(
            norm=dict(decay_mult=0.0), rgb_encoder=dict(lr_mult=0.1)),
        norm_decay_mult=0.0),
    type='AmpOptimWrapper')
param_scheduler = [
    dict(
        begin=0, by_epoch=False, end=1500, start_factor=1e-06,
        type='LinearLR'),
    dict(
        begin=1500,
        by_epoch=False,
        end=100000,
        eta_min=0.0,
        power=0.9,
        type='PolyLR'),
]
pseudo_root = '/workspace/wwtp_semantic_dataset/pseudo_geometry'
randomness = dict(deterministic=True, seed=42)
resume = False
test_cfg = dict(type='TestLoop')
test_dataloader = dict(
    batch_size=1,
    dataset=dict(
        data_prefix=dict(
            img_path='images/val', seg_map_path='annotations/val'),
        data_root='/workspace/wwtp_semantic_dataset',
        indices=[
            0,
            1,
            2,
            3,
            4,
            5,
            8,
            9,
            10,
            11,
            12,
            13,
            14,
            15,
            16,
            18,
            19,
            20,
            22,
            24,
            25,
            26,
            27,
            28,
            29,
            30,
            32,
            33,
            35,
            36,
            37,
            38,
            39,
            40,
            41,
            42,
            43,
            45,
            46,
            47,
            48,
            50,
            51,
            52,
            53,
            54,
            55,
            56,
            58,
            59,
            60,
            61,
            62,
            64,
            65,
            66,
            67,
            68,
            69,
            70,
            71,
            72,
            74,
            75,
            76,
            77,
            78,
            79,
            80,
            81,
            82,
            83,
            84,
            86,
            87,
            88,
            89,
            90,
            91,
            92,
            94,
            95,
            96,
            97,
            98,
            99,
            101,
            102,
            103,
            104,
            106,
            107,
            108,
            109,
            110,
            111,
            112,
            113,
            115,
            116,
            117,
            118,
            119,
            120,
            121,
            122,
            123,
            124,
            125,
            126,
            127,
            129,
            130,
            131,
            132,
            133,
            134,
            135,
            138,
            139,
            140,
            141,
            143,
            146,
            148,
            149,
            150,
            151,
            153,
            154,
            155,
            156,
            157,
            158,
            159,
            160,
            161,
            163,
            164,
            165,
            166,
            167,
            168,
            169,
            170,
            171,
            172,
            173,
            175,
            176,
            177,
            178,
            179,
            180,
            181,
            182,
            183,
            184,
            185,
            186,
            188,
            189,
            190,
            191,
            192,
            193,
            194,
            196,
            198,
            200,
            202,
            204,
            205,
            206,
            207,
            208,
            209,
            211,
            212,
            213,
            214,
            215,
            218,
            219,
            220,
            221,
            222,
            223,
            224,
            225,
            226,
            227,
            228,
            229,
            230,
            231,
            234,
            235,
            236,
            237,
            239,
            240,
            242,
            243,
            244,
            245,
            246,
            248,
            249,
            251,
            252,
            253,
            254,
            255,
            256,
            257,
            258,
            259,
            260,
            261,
            262,
            264,
            265,
            266,
            267,
            268,
            269,
            270,
            271,
            272,
            273,
            274,
            275,
            276,
            277,
            278,
            279,
            281,
            282,
            283,
            284,
            285,
            286,
            287,
            288,
            289,
            290,
            291,
            292,
            293,
            294,
            295,
            296,
            298,
            299,
            301,
        ],
        pipeline=[
            dict(type='LoadImageFromFile'),
            dict(type='LoadAnnotations'),
            dict(size=(
                512,
                512,
            ), type='GenerateGlobalThumbnail'),
            dict(
                pseudo_root='/workspace/wwtp_semantic_dataset/pseudo_geometry',
                required=True,
                type='LoadPseudoGeometry'),
            dict(type='PackRPGVInputs'),
        ],
        type='WWTPDataset'),
    num_workers=4,
    persistent_workers=True,
    sampler=dict(shuffle=False, type='DefaultSampler'))
test_evaluator = [
    dict(type='QuickBinaryOverlapMetric'),
]
test_pipeline = [
    dict(type='LoadImageFromFile'),
    dict(type='LoadAnnotations'),
    dict(size=(
        512,
        512,
    ), type='GenerateGlobalThumbnail'),
    dict(
        pseudo_root='/workspace/wwtp_semantic_dataset/pseudo_geometry',
        required=True,
        type='LoadPseudoGeometry'),
    dict(type='PackRPGVInputs'),
]
train_cfg = dict(
    max_iters=100000, type='IterBasedTrainLoop', val_interval=2000)
train_dataloader = dict(
    batch_size=1,
    dataset=dict(
        data_prefix=dict(
            img_path='images/train', seg_map_path='annotations/train'),
        data_root='/workspace/wwtp_semantic_dataset',
        pipeline=[
            dict(type='LoadImageFromFile'),
            dict(type='LoadAnnotations'),
            dict(type='PhotoMetricDistortion'),
            dict(size=(
                512,
                512,
            ), type='GenerateGlobalThumbnail'),
            dict(
                pseudo_root='/workspace/wwtp_semantic_dataset/pseudo_geometry',
                required=True,
                type='LoadPseudoGeometry'),
            dict(
                keep_ratio=True,
                ratio_range=(
                    0.5,
                    1.5,
                ),
                scale=(
                    2048,
                    2048,
                ),
                type='RandomResize'),
            dict(
                degree=180,
                pad_val=0,
                prob=0.5,
                seg_pad_val=255,
                type='RandomRotate'),
            dict(
                crop_size=(
                    1024,
                    1024,
                ),
                edge_margin_ratio=0.15,
                foreground_label=1,
                foreground_prob=0.8,
                min_foreground_pixels=64,
                type='RandomForegroundCrop'),
            dict(
                direction=[
                    'horizontal',
                    'vertical',
                    'diagonal',
                ],
                prob=0.75,
                type='RandomFlip'),
            dict(prob=0.3, type='RandomPseudoGeometryCorruption'),
            dict(type='PackRPGVInputs'),
        ],
        type='WWTPDataset'),
    num_workers=4,
    persistent_workers=True,
    sampler=dict(shuffle=True, type='InfiniteSampler'))
train_pipeline = [
    dict(type='LoadImageFromFile'),
    dict(type='LoadAnnotations'),
    dict(type='PhotoMetricDistortion'),
    dict(size=(
        512,
        512,
    ), type='GenerateGlobalThumbnail'),
    dict(
        pseudo_root='/workspace/wwtp_semantic_dataset/pseudo_geometry',
        required=True,
        type='LoadPseudoGeometry'),
    dict(
        keep_ratio=True,
        ratio_range=(
            0.5,
            1.5,
        ),
        scale=(
            2048,
            2048,
        ),
        type='RandomResize'),
    dict(
        degree=180, pad_val=0, prob=0.5, seg_pad_val=255, type='RandomRotate'),
    dict(
        crop_size=(
            1024,
            1024,
        ),
        edge_margin_ratio=0.15,
        foreground_label=1,
        foreground_prob=0.8,
        min_foreground_pixels=64,
        type='RandomForegroundCrop'),
    dict(
        direction=[
            'horizontal',
            'vertical',
            'diagonal',
        ],
        prob=0.75,
        type='RandomFlip'),
    dict(prob=0.3, type='RandomPseudoGeometryCorruption'),
    dict(type='PackRPGVInputs'),
]
val_cfg = dict(type='ValLoop')
val_dataloader = dict(
    batch_size=1,
    dataset=dict(
        data_prefix=dict(
            img_path='images/val', seg_map_path='annotations/val'),
        data_root='/workspace/wwtp_semantic_dataset',
        pipeline=[
            dict(type='LoadImageFromFile'),
            dict(type='LoadAnnotations'),
            dict(size=(
                512,
                512,
            ), type='GenerateGlobalThumbnail'),
            dict(
                pseudo_root='/workspace/wwtp_semantic_dataset/pseudo_geometry',
                required=True,
                type='LoadPseudoGeometry'),
            dict(type='PackRPGVInputs'),
        ],
        type='WWTPDataset'),
    num_workers=2,
    persistent_workers=True,
    sampler=dict(shuffle=False, type='DefaultSampler'))
val_evaluator = [
    dict(
        iou_metrics=[
            'mIoU',
            'mDice',
            'mFscore',
        ],
        nan_to_num=0,
        type='IoUMetric'),
    dict(boundary_tolerance=3, pixel_size_m=0.5, type='BinaryBoundaryMetric'),
]
vis_backends = [
    dict(type='LocalVisBackend'),
]
visualizer = dict(
    name='visualizer',
    type='SegLocalVisualizer',
    vis_backends=[
        dict(type='LocalVisBackend'),
    ])
work_dir = '/workspace/work_dirs/rpgv_v2_quick_screen_expanded/zero_shot/full/runner'

2026/09/27 16:58:51 - mmengine - INFO - Distributed training is not used, all SyncBatchNorm (SyncBN) layers in the model will be automatically reverted to BatchNormXd layers if they are used.
2026/09/27 16:58:51 - mmengine - INFO - Hooks will be executed in the following order:
before_run:
(VERY_HIGH   ) RuntimeInfoHook                    
(BELOW_NORMAL) LoggerHook                         
(LOWEST      ) RPGVEarlyStoppingHook              
 -------------------- 
before_train:
(VERY_HIGH   ) RuntimeInfoHook                    
(NORMAL      ) IterTimerHook                      
(VERY_LOW    ) CheckpointHook                     
(LOWEST      ) RPGVEarlyStoppingHook              
 -------------------- 
before_train_epoch:
(VERY_HIGH   ) RuntimeInfoHook                    
(NORMAL      ) IterTimerHook                      
(NORMAL      ) DistSamplerSeedHook                
 -------------------- 
before_train_iter:
(VERY_HIGH   ) RuntimeInfoHook                    
(NORMAL      ) IterTimerHook                      
 -------------------- 
after_train_iter:
(VERY_HIGH   ) RuntimeInfoHook                    
(NORMAL      ) IterTimerHook                      
(NORMAL      ) SegVisualizationHook               
(BELOW_NORMAL) LoggerHook                         
(LOW         ) ParamSchedulerHook                 
(VERY_LOW    ) CheckpointHook                     
 -------------------- 
after_train_epoch:
(NORMAL      ) IterTimerHook                      
(LOW         ) ParamSchedulerHook                 
(VERY_LOW    ) CheckpointHook                     
 -------------------- 
before_val:
(VERY_HIGH   ) RuntimeInfoHook                    
 -------------------- 
before_val_epoch:
(NORMAL      ) IterTimerHook                      
 -------------------- 
before_val_iter:
(NORMAL      ) IterTimerHook                      
 -------------------- 
after_val_iter:
(NORMAL      ) IterTimerHook                      
(NORMAL      ) SegVisualizationHook               
(BELOW_NORMAL) LoggerHook                         
 -------------------- 
after_val_epoch:
(VERY_HIGH   ) RuntimeInfoHook                    
(NORMAL      ) IterTimerHook                      
(BELOW_NORMAL) LoggerHook                         
(LOW         ) ParamSchedulerHook                 
(VERY_LOW    ) CheckpointHook                     
(LOWEST      ) RPGVEarlyStoppingHook              
 -------------------- 
after_val:
(VERY_HIGH   ) RuntimeInfoHook                    
 -------------------- 
after_train:
(VERY_HIGH   ) RuntimeInfoHook                    
(VERY_LOW    ) CheckpointHook                     
 -------------------- 
before_test:
(VERY_HIGH   ) RuntimeInfoHook                    
 -------------------- 
before_test_epoch:
(NORMAL      ) IterTimerHook                      
 -------------------- 
before_test_iter:
(NORMAL      ) IterTimerHook                      
 -------------------- 
after_test_iter:
(NORMAL      ) IterTimerHook                      
(NORMAL      ) SegVisualizationHook               
(BELOW_NORMAL) LoggerHook                         
 -------------------- 
after_test_epoch:
(VERY_HIGH   ) RuntimeInfoHook                    
(NORMAL      ) IterTimerHook                      
(BELOW_NORMAL) LoggerHook                         
 -------------------- 
after_test:
(VERY_HIGH   ) RuntimeInfoHook                    
 -------------------- 
after_run:
(BELOW_NORMAL) LoggerHook                         
 -------------------- 
2026/09/27 16:58:52 - mmengine - INFO - Load checkpoint from /workspace/work_dirs/rpgv_v2_joint_fixed/best_binary_Foreground_IoU_iter_64000.pth
2026/09/27 17:00:02 - mmengine - INFO - Iter(test) [ 50/256]    eta: 0:04:46  time: 1.3553  data_time: 0.0216  memory: 952  
2026/09/27 17:01:11 - mmengine - INFO - Iter(test) [100/256]    eta: 0:03:36  time: 1.3656  data_time: 0.0233  memory: 952  
2026/09/27 17:02:19 - mmengine - INFO - Iter(test) [150/256]    eta: 0:02:26  time: 1.3522  data_time: 0.0219  memory: 952  
2026/09/27 17:03:28 - mmengine - INFO - Iter(test) [200/256]    eta: 0:01:17  time: 1.3881  data_time: 0.0227  memory: 952  
2026/09/27 17:04:36 - mmengine - INFO - Iter(test) [250/256]    eta: 0:00:08  time: 1.3882  data_time: 0.0231  memory: 952  
2026/09/27 17:04:45 - mmengine - INFO - Iter(test) [256/256]    binary/Foreground_IoU: 78.2324  binary/Dice: 87.7870  binary/F1: 87.7870  binary/Precision: 84.7128  binary/Recall: 91.0928  binary/Pixel_Accuracy: 97.9367  data_time: 0.0288  time: 1.3759
